I'm sorry, but errors were detected in your script. Please correct the
errors listed below, and try again.


File "game/script.rpy", line 132: expected statement.
    mc
      ^

Ren'Py Version: Ren'Py 7.4.6.1693
Sat Jul  3 03:58:11 2021
